error: unstable feature `feat_foo` is used without being enabled.
  --> $DIR/unstable-impl-cannot-use-feature.rs:26:5
   |
LL |     Bar::foo();
   |     ^^^
   |
   = help: The feature can be enabled through #[unstable_feature_bound(feat_foo)] in std/core, or #[feature(feat_foo)] outside of std/core.
note: required for `Bar` to implement `Foo`
  --> $DIR/unstable-impl-cannot-use-feature.rs:20:6
   |
LL | #[unstable_feature_bound(feat_foo)]
   | ----------------------------------- unsatisfied trait bound introduced here
LL | impl Foo for Bar {
   |      ^^^     ^^^

error: aborting due to 1 previous error

